###############################################################################
#
# IAR ELF Linker V7.10.1.6676/W32 for ARM                 26/Mar/2018  16:20:35
# Copyright 2007-2014 IAR Systems AB.
#
#    Output file  =  
#        D:\Student\Project_Drozdovskij_Nechaev\Second\Debug\Exe\Lab2.out
#    Map file     =  
#        D:\Student\Project_Drozdovskij_Nechaev\Second\Debug\List\Lab2.map
#    Command line =  
#        D:\Student\Project_Drozdovskij_Nechaev\Second\Debug\Obj\main.o
#        D:\Student\Project_Drozdovskij_Nechaev\Second\Debug\Obj\MDR32F9Qx_port.o
#        D:\Student\Project_Drozdovskij_Nechaev\Second\Debug\Obj\MDR32F9Qx_rst_clk.o
#        D:\Student\Project_Drozdovskij_Nechaev\Second\Debug\Obj\MDR32F9Qx_timer.o
#        D:\Student\Project_Drozdovskij_Nechaev\Second\Debug\Obj\startup_MDR32F9Qx.o
#        D:\Student\Project_Drozdovskij_Nechaev\Second\Debug\Obj\system_MDR32F9Qx.o
#        -o D:\Student\Project_Drozdovskij_Nechaev\Second\Debug\Exe\Lab2.out
#        --map
#        D:\Student\Project_Drozdovskij_Nechaev\Second\Debug\List\Lab2.map
#        --log
#        libraries,initialization,modules,redirects,sections,veneers,unused_fragments
#        --log_file
#        D:\Student\Project_Drozdovskij_Nechaev\Second\Debug\List\Lab2.log
#        --config "C:\Program Files (x86)\IAR Systems\Embedded Workbench
#        7.0\arm\config\linker\Milandr\MDR1986VE9x\MDR32F1.icf" --remarks
#        --semihosting --entry __iar_program_start --vfe
#
###############################################################################

*******************************************************************************
*** RUNTIME MODEL ATTRIBUTES
***

CppFlavor       = *
__SystemLibrary = DLib


*******************************************************************************
*** PLACEMENT SUMMARY
***

"A1":  place at 0x08000000 { ro section .intvec };
"P1":  place in [from 0x08000000 to 0x0801ffff] { ro };
"P2":  place in [from 0x20000000 to 0x20007fff] { rw, block CSTACK, block HEAP };

  Section            Kind        Address    Size  Object
  -------            ----        -------    ----  ------
"A1":                                       0xc0
  .intvec            ro code  0x08000000    0xc0  startup_MDR32F9Qx.o [1]
                            - 0x080000c0    0xc0

"P1":                                      0x994
  .text              ro code  0x080000c0   0x2ac  main.o [1]
  .text              ro code  0x0800036c   0x234  MDR32F9Qx_port.o [1]
  .text              ro code  0x080005a0    0x24  MDR32F9Qx_rst_clk.o [1]
  .text              ro code  0x080005c4   0x234  MDR32F9Qx_timer.o [1]
  .text              ro code  0x080007f8   0x11c  system_MDR32F9Qx.o [1]
  .text              ro code  0x08000914    0x2e  copy_init3.o [4]
  .text              ro code  0x08000944    0x28  data_init.o [4]
  .iar.init_table    const    0x0800096c    0x14  - Linker created -
  .text              ro code  0x08000980    0x1a  cmain.o [4]
  .text              ro code  0x0800099a     0x4  low_level_init.o [3]
  .text              ro code  0x0800099e     0x4  exit.o [3]
  .text              ro code  0x080009a4     0xa  cexit.o [4]
  .text              ro code  0x080009b0    0x14  exit.o [5]
  .text              ro code  0x080009c4    0x10  startup_MDR32F9Qx.o [1]
  .text              ro code  0x080009d4     0xc  cstartup_M.o [4]
  .text              ro code  0x080009e0     0x4  startup_MDR32F9Qx.o [1]
  .text              ro code  0x080009e4     0x4  startup_MDR32F9Qx.o [1]
  .text              ro code  0x080009e8     0x4  startup_MDR32F9Qx.o [1]
  .text              ro code  0x080009ec     0x4  startup_MDR32F9Qx.o [1]
  .text              ro code  0x080009f0     0x4  startup_MDR32F9Qx.o [1]
  .text              ro code  0x080009f4     0x4  startup_MDR32F9Qx.o [1]
  .text              ro code  0x080009f8     0x4  startup_MDR32F9Qx.o [1]
  .text              ro code  0x080009fc     0x4  startup_MDR32F9Qx.o [1]
  .text              ro code  0x08000a00     0x4  startup_MDR32F9Qx.o [1]
  .text              ro code  0x08000a04     0x4  startup_MDR32F9Qx.o [1]
  .text              ro code  0x08000a08     0x4  startup_MDR32F9Qx.o [1]
  .text              ro code  0x08000a0c     0x4  startup_MDR32F9Qx.o [1]
  .text              ro code  0x08000a10     0x4  startup_MDR32F9Qx.o [1]
  .text              ro code  0x08000a14     0x4  startup_MDR32F9Qx.o [1]
  .text              ro code  0x08000a18     0x4  startup_MDR32F9Qx.o [1]
  .text              ro code  0x08000a1c     0x4  startup_MDR32F9Qx.o [1]
  .text              ro code  0x08000a20     0x4  startup_MDR32F9Qx.o [1]
  .text              ro code  0x08000a24     0x4  startup_MDR32F9Qx.o [1]
  .text              ro code  0x08000a28     0x4  startup_MDR32F9Qx.o [1]
  .text              ro code  0x08000a2c     0x4  startup_MDR32F9Qx.o [1]
  .text              ro code  0x08000a30     0x4  startup_MDR32F9Qx.o [1]
  .text              ro code  0x08000a34     0x4  startup_MDR32F9Qx.o [1]
  .text              ro code  0x08000a38     0x4  startup_MDR32F9Qx.o [1]
  .text              ro code  0x08000a3c     0x4  startup_MDR32F9Qx.o [1]
  .text              ro code  0x08000a40     0x4  startup_MDR32F9Qx.o [1]
  .text              ro code  0x08000a44     0x4  startup_MDR32F9Qx.o [1]
  .text              ro code  0x08000a48     0x4  startup_MDR32F9Qx.o [1]
  .text              ro code  0x08000a4c     0x4  startup_MDR32F9Qx.o [1]
  .rodata            const    0x08000a50     0x0  copy_init3.o [4]
  Initializer bytes  ro data  0x08000a50     0x4  <for P2 s0>
                            - 0x08000a54   0x994

"P2", part 1 of 2:                           0x8
  P2 s0                       0x20000000     0x4  <Init block>
    .data            inited   0x20000000     0x4  system_MDR32F9Qx.o [1]
                            - 0x20000004     0x4

"P2", part 2 of 2:                        0x1000
  CSTACK                      0x20000008  0x1000  <Block>
    CSTACK           uninit   0x20000008  0x1000  <Block tail>
                            - 0x20001008  0x1000


*******************************************************************************
*** INIT TABLE
***

          Address     Size
          -------     ----
Copy (__iar_copy_init3)
    1 source range, total size 0x4:
          0x08000a50   0x4
    1 destination range, total size 0x4:
          0x20000000   0x4



*******************************************************************************
*** MODULE SUMMARY
***

    Module               ro code  ro data  rw data
    ------               -------  -------  -------
D:\Student\Project_Drozdovskij_Nechaev\Second\Debug\Obj: [1]
    MDR32F9Qx_port.o         564
    MDR32F9Qx_rst_clk.o       36
    MDR32F9Qx_timer.o        564
    main.o                   684
    startup_MDR32F9Qx.o      320
    system_MDR32F9Qx.o       284        4        4
    ----------------------------------------------
    Total:                 2 452        4        4

command line: [2]
    ----------------------------------------------
    Total:

dl7M_tln.a: [3]
    exit.o                     4
    low_level_init.o           4
    ----------------------------------------------
    Total:                     8

rt7M_tl.a: [4]
    cexit.o                   10
    cmain.o                   26
    copy_init3.o              46
    cstartup_M.o              12
    data_init.o               40
    ----------------------------------------------
    Total:                   134

shb_l.a: [5]
    exit.o                    20
    ----------------------------------------------
    Total:                    20

    Gaps                       6
    Linker created                     20    4 096
--------------------------------------------------
    Grand Total:           2 620       24    4 100


*******************************************************************************
*** ENTRY LIST
***

Entry                      Address   Size  Type      Object
-----                      -------   ----  ----      ------
?main                   0x08000981         Code  Gb  cmain.o [4]
CSTACK$$Base            0x20000008          --   Gb  - Linker created -
CSTACK$$Limit           0x20001008          --   Gb  - Linker created -
Delay                   0x0800012d    0xc  Code  Lc  main.o [1]
InitButtons             0x0800018b   0x6e  Code  Lc  main.o [1]
InitLeds                0x08000139   0x52  Code  Lc  main.o [1]
InitPWM                 0x080001f9  0x100  Code  Lc  main.o [1]
PORT_Init               0x0800036d  0x1ec  Code  Gb  MDR32F9Qx_port.o [1]
PORT_ReadInputDataBit   0x08000585   0x16  Code  Gb  MDR32F9Qx_port.o [1]
PORT_StructInit         0x08000559   0x2c  Code  Gb  MDR32F9Qx_port.o [1]
RST_CLK_PCLKcmd         0x080005a1   0x1e  Code  Gb  MDR32F9Qx_rst_clk.o [1]
Region$$Table$$Base     0x0800096c          --   Gb  - Linker created -
Region$$Table$$Limit    0x08000980          --   Gb  - Linker created -
SystemCoreClock         0x20000000    0x4  Data  Gb  system_MDR32F9Qx.o [1]
SystemCoreClockUpdate   0x080007f9   0x80  Code  Gb  system_MDR32F9Qx.o [1]
SystemInit              0x08000879   0x64  Code  Gb  system_MDR32F9Qx.o [1]
TIMER_BRGInit           0x080007a1   0x44  Code  Gb  MDR32F9Qx_timer.o [1]
TIMER_ChnInit           0x0800069b   0x4e  Code  Gb  MDR32F9Qx_timer.o [1]
TIMER_ChnOutInit        0x0800072d   0x46  Code  Gb  MDR32F9Qx_timer.o [1]
TIMER_ChnOutStructInit  0x08000773   0x26  Code  Gb  MDR32F9Qx_timer.o [1]
TIMER_ChnStructInit     0x080006e9   0x32  Code  Gb  MDR32F9Qx_timer.o [1]
TIMER_ClearFlag         0x08000799    0x8  Code  Gb  MDR32F9Qx_timer.o [1]
TIMER_Cmd               0x08000683   0x18  Code  Gb  MDR32F9Qx_timer.o [1]
TIMER_CntInit           0x08000647   0x3c  Code  Gb  MDR32F9Qx_timer.o [1]
TIMER_DeInit            0x080005c5   0x82  Code  Gb  MDR32F9Qx_timer.o [1]
TIMER_SetChnCompare     0x0800071b   0x12  Code  Gb  MDR32F9Qx_timer.o [1]
Timer1_IRQHandler       0x080002f9   0x18  Code  Gb  main.o [1]
Timer2_IRQHandler       0x08000311   0x18  Code  Gb  main.o [1]
U_PWM_Set_Pulse_Width_Percent
                        0x08000329   0x24  Code  Gb  main.o [1]
__cmain                 0x08000981         Code  Gb  cmain.o [4]
__exit                  0x080009b1   0x14  Code  Gb  exit.o [5]
__iar_copy_init3        0x08000915   0x2e  Code  Gb  copy_init3.o [4]
__iar_data_init3        0x08000945   0x28  Code  Gb  data_init.o [4]
__iar_program_start     0x080009d5         Code  Gb  cstartup_M.o [4]
__low_level_init        0x0800099b    0x4  Code  Gb  low_level_init.o [3]
__vector_table          0x08000000         Data  Gb  startup_MDR32F9Qx.o [1]
_call_main              0x0800098d         Code  Gb  cmain.o [4]
_exit                   0x080009a5         Code  Gb  cexit.o [4]
_main                   0x08000997         Code  Gb  cmain.o [4]
exit                    0x0800099f    0x4  Code  Gb  exit.o [3]
main                    0x080000c1   0x6c  Code  Gb  main.o [1]


[1] = D:\Student\Project_Drozdovskij_Nechaev\Second\Debug\Obj
[2] = command line
[3] = dl7M_tln.a
[4] = rt7M_tl.a
[5] = shb_l.a

  2 620 bytes of readonly  code memory
     24 bytes of readonly  data memory
  4 100 bytes of readwrite data memory

Errors: none
Warnings: none
