###############################################################################
#
# IAR ELF Linker V7.10.1.6676/W32 for ARM                 28/May/2018  15:24:24
# Copyright 2007-2014 IAR Systems AB.
#
#    Output file  =  
#        D:\Student\Project_Drozdovskij_Nechaev\LCD_new\Debug\Exe\LCD_new.out
#    Map file     =  
#        D:\Student\Project_Drozdovskij_Nechaev\LCD_new\Debug\List\LCD_new.map
#    Command line =  
#        D:\Student\Project_Drozdovskij_Nechaev\LCD_new\Debug\Obj\lv_anim.o
#        D:\Student\Project_Drozdovskij_Nechaev\LCD_new\Debug\Obj\lv_area.o
#        D:\Student\Project_Drozdovskij_Nechaev\LCD_new\Debug\Obj\lv_bar.o
#        D:\Student\Project_Drozdovskij_Nechaev\LCD_new\Debug\Obj\lv_btn.o
#        D:\Student\Project_Drozdovskij_Nechaev\LCD_new\Debug\Obj\lv_btnm.o
#        D:\Student\Project_Drozdovskij_Nechaev\LCD_new\Debug\Obj\lv_cb.o
#        D:\Student\Project_Drozdovskij_Nechaev\LCD_new\Debug\Obj\lv_chart.o
#        D:\Student\Project_Drozdovskij_Nechaev\LCD_new\Debug\Obj\lv_circ.o
#        D:\Student\Project_Drozdovskij_Nechaev\LCD_new\Debug\Obj\lv_color.o
#        D:\Student\Project_Drozdovskij_Nechaev\LCD_new\Debug\Obj\lv_cont.o
#        D:\Student\Project_Drozdovskij_Nechaev\LCD_new\Debug\Obj\lv_ddlist.o
#        D:\Student\Project_Drozdovskij_Nechaev\LCD_new\Debug\Obj\lv_draw.o
#        D:\Student\Project_Drozdovskij_Nechaev\LCD_new\Debug\Obj\lv_draw_rbasic.o
#        D:\Student\Project_Drozdovskij_Nechaev\LCD_new\Debug\Obj\lv_draw_vbasic.o
#        D:\Student\Project_Drozdovskij_Nechaev\LCD_new\Debug\Obj\lv_font.o
#        D:\Student\Project_Drozdovskij_Nechaev\LCD_new\Debug\Obj\lv_font_dejavu_10.o
#        D:\Student\Project_Drozdovskij_Nechaev\LCD_new\Debug\Obj\lv_font_dejavu_10_cyrillic.o
#        D:\Student\Project_Drozdovskij_Nechaev\LCD_new\Debug\Obj\lv_font_dejavu_10_latin_sup.o
#        D:\Student\Project_Drozdovskij_Nechaev\LCD_new\Debug\Obj\lv_font_dejavu_20.o
#        D:\Student\Project_Drozdovskij_Nechaev\LCD_new\Debug\Obj\lv_font_dejavu_20_cyrillic.o
#        D:\Student\Project_Drozdovskij_Nechaev\LCD_new\Debug\Obj\lv_font_dejavu_20_latin_sup.o
#        D:\Student\Project_Drozdovskij_Nechaev\LCD_new\Debug\Obj\lv_font_dejavu_30.o
#        D:\Student\Project_Drozdovskij_Nechaev\LCD_new\Debug\Obj\lv_font_dejavu_30_cyrillic.o
#        D:\Student\Project_Drozdovskij_Nechaev\LCD_new\Debug\Obj\lv_font_dejavu_30_latin_sup.o
#        D:\Student\Project_Drozdovskij_Nechaev\LCD_new\Debug\Obj\lv_font_dejavu_40.o
#        D:\Student\Project_Drozdovskij_Nechaev\LCD_new\Debug\Obj\lv_font_dejavu_40_cyrillic.o
#        D:\Student\Project_Drozdovskij_Nechaev\LCD_new\Debug\Obj\lv_font_dejavu_40_latin_sup.o
#        D:\Student\Project_Drozdovskij_Nechaev\LCD_new\Debug\Obj\lv_font_symbol_10.o
#        D:\Student\Project_Drozdovskij_Nechaev\LCD_new\Debug\Obj\lv_font_symbol_20.o
#        D:\Student\Project_Drozdovskij_Nechaev\LCD_new\Debug\Obj\lv_font_symbol_30.o
#        D:\Student\Project_Drozdovskij_Nechaev\LCD_new\Debug\Obj\lv_font_symbol_40.o
#        D:\Student\Project_Drozdovskij_Nechaev\LCD_new\Debug\Obj\lv_fs.o
#        D:\Student\Project_Drozdovskij_Nechaev\LCD_new\Debug\Obj\lv_gauge.o
#        D:\Student\Project_Drozdovskij_Nechaev\LCD_new\Debug\Obj\lv_group.o
#        D:\Student\Project_Drozdovskij_Nechaev\LCD_new\Debug\Obj\lv_hal_disp.o
#        D:\Student\Project_Drozdovskij_Nechaev\LCD_new\Debug\Obj\lv_hal_indev.o
#        D:\Student\Project_Drozdovskij_Nechaev\LCD_new\Debug\Obj\lv_hal_tick.o
#        D:\Student\Project_Drozdovskij_Nechaev\LCD_new\Debug\Obj\lv_img.o
#        D:\Student\Project_Drozdovskij_Nechaev\LCD_new\Debug\Obj\lv_indev.o
#        D:\Student\Project_Drozdovskij_Nechaev\LCD_new\Debug\Obj\lv_kb.o
#        D:\Student\Project_Drozdovskij_Nechaev\LCD_new\Debug\Obj\lv_label.o
#        D:\Student\Project_Drozdovskij_Nechaev\LCD_new\Debug\Obj\lv_led.o
#        D:\Student\Project_Drozdovskij_Nechaev\LCD_new\Debug\Obj\lv_line.o
#        D:\Student\Project_Drozdovskij_Nechaev\LCD_new\Debug\Obj\lv_list.o
#        D:\Student\Project_Drozdovskij_Nechaev\LCD_new\Debug\Obj\lv_ll.o
#        D:\Student\Project_Drozdovskij_Nechaev\LCD_new\Debug\Obj\lv_lmeter.o
#        D:\Student\Project_Drozdovskij_Nechaev\LCD_new\Debug\Obj\lv_math.o
#        D:\Student\Project_Drozdovskij_Nechaev\LCD_new\Debug\Obj\lv_mbox.o
#        D:\Student\Project_Drozdovskij_Nechaev\LCD_new\Debug\Obj\lv_mem.o
#        D:\Student\Project_Drozdovskij_Nechaev\LCD_new\Debug\Obj\lv_obj.o
#        D:\Student\Project_Drozdovskij_Nechaev\LCD_new\Debug\Obj\lv_objx_templ.o
#        D:\Student\Project_Drozdovskij_Nechaev\LCD_new\Debug\Obj\lv_page.o
#        D:\Student\Project_Drozdovskij_Nechaev\LCD_new\Debug\Obj\lv_refr.o
#        D:\Student\Project_Drozdovskij_Nechaev\LCD_new\Debug\Obj\lv_roller.o
#        D:\Student\Project_Drozdovskij_Nechaev\LCD_new\Debug\Obj\lv_slider.o
#        D:\Student\Project_Drozdovskij_Nechaev\LCD_new\Debug\Obj\lv_style.o
#        D:\Student\Project_Drozdovskij_Nechaev\LCD_new\Debug\Obj\lv_sw.o
#        D:\Student\Project_Drozdovskij_Nechaev\LCD_new\Debug\Obj\lv_ta.o
#        D:\Student\Project_Drozdovskij_Nechaev\LCD_new\Debug\Obj\lv_tabview.o
#        D:\Student\Project_Drozdovskij_Nechaev\LCD_new\Debug\Obj\lv_task.o
#        D:\Student\Project_Drozdovskij_Nechaev\LCD_new\Debug\Obj\lv_templ.o
#        D:\Student\Project_Drozdovskij_Nechaev\LCD_new\Debug\Obj\lv_theme.o
#        D:\Student\Project_Drozdovskij_Nechaev\LCD_new\Debug\Obj\lv_theme_alien.o
#        D:\Student\Project_Drozdovskij_Nechaev\LCD_new\Debug\Obj\lv_theme_default.o
#        D:\Student\Project_Drozdovskij_Nechaev\LCD_new\Debug\Obj\lv_theme_material.o
#        D:\Student\Project_Drozdovskij_Nechaev\LCD_new\Debug\Obj\lv_theme_mono.o
#        D:\Student\Project_Drozdovskij_Nechaev\LCD_new\Debug\Obj\lv_theme_night.o
#        D:\Student\Project_Drozdovskij_Nechaev\LCD_new\Debug\Obj\lv_theme_templ.o
#        D:\Student\Project_Drozdovskij_Nechaev\LCD_new\Debug\Obj\lv_theme_zen.o
#        D:\Student\Project_Drozdovskij_Nechaev\LCD_new\Debug\Obj\lv_trigo.o
#        D:\Student\Project_Drozdovskij_Nechaev\LCD_new\Debug\Obj\lv_txt.o
#        D:\Student\Project_Drozdovskij_Nechaev\LCD_new\Debug\Obj\lv_ufs.o
#        D:\Student\Project_Drozdovskij_Nechaev\LCD_new\Debug\Obj\lv_vdb.o
#        D:\Student\Project_Drozdovskij_Nechaev\LCD_new\Debug\Obj\lv_win.o
#        D:\Student\Project_Drozdovskij_Nechaev\LCD_new\Debug\Obj\main.o
#        D:\Student\Project_Drozdovskij_Nechaev\LCD_new\Debug\Obj\MDR32F9Qx_adc.o
#        D:\Student\Project_Drozdovskij_Nechaev\LCD_new\Debug\Obj\MDR32F9Qx_port.o
#        D:\Student\Project_Drozdovskij_Nechaev\LCD_new\Debug\Obj\MDR32F9Qx_rst_clk.o
#        D:\Student\Project_Drozdovskij_Nechaev\LCD_new\Debug\Obj\MDR32F9Qx_timer.o
#        D:\Student\Project_Drozdovskij_Nechaev\LCD_new\Debug\Obj\startup_MDR32F9Qx.o
#        D:\Student\Project_Drozdovskij_Nechaev\LCD_new\Debug\Obj\system_MDR32F9Qx.o
#        -o
#        D:\Student\Project_Drozdovskij_Nechaev\LCD_new\Debug\Exe\LCD_new.out
#        --map
#        D:\Student\Project_Drozdovskij_Nechaev\LCD_new\Debug\List\LCD_new.map
#        --log
#        libraries,initialization,modules,redirects,sections,veneers,unused_fragments
#        --log_file
#        D:\Student\Project_Drozdovskij_Nechaev\LCD_new\Debug\List\LCD_new.log
#        --config "C:\Program Files (x86)\IAR Systems\Embedded Workbench
#        7.0\arm\config\linker\Milandr\MDR1986VE9x\MDR32F1.icf" --remarks
#        --semihosting --entry __iar_program_start --vfe
#
###############################################################################

*******************************************************************************
*** MESSAGES
***

Error[Lp011]: section placement failed
          unable to allocate space for sections/blocks with a total estimated
                    minimum size of 0xcf6c bytes in <[0x20000000-0x20007fff]>
                    (total uncommitted space 0x8000).


*******************************************************************************
*** RUNTIME MODEL ATTRIBUTES
***

CppFlavor       = *
__Heap_Handler  = Basic
__SystemLibrary = DLib


*******************************************************************************
*** PLACEMENT SUMMARY
***

"A1":  place at 0x08000000 { ro section .intvec };
"P1":  place in [from 0x08000000 to 0x0801ffff] { ro };
"P2":  place in [from 0x20000000 to 0x20007fff] { rw, block CSTACK, block HEAP };

  Section            Kind        Address    Size  Object
  -------            ----        -------    ----  ------
"A1":                                       0xc0
  .intvec            ro code  0x08000000    0xc0  startup_MDR32F9Qx.o [1]
                            - 0x080000c0    0xc0

"P1", part 1 of 2:                        0xa9a8
  .text              ro code  0x080000c0  0x2b90  lv_draw.o [1]
  .text              ro code  0x08002c50     0xc  memcpy.o [3]
  .text              ro code  0x08002c5c    0x60  lv_circ.o [1]
  .text              ro code  0x08002cbc   0x1de  lv_area.o [1]
  .text              ro code  0x08002e9a    0x16  vla_alloc.o [3]
  .text              ro code  0x08002eb0    0x14  memset.o [3]
  .text              ro code  0x08002ec4    0x76  ABImemcpy_unaligned.o [4]
  .text              ro code  0x08002f3a    0x2e  copy_init3.o [4]
  .text              ro code  0x08002f68    0xb4  xxmemxmalloc.o [3]
  .text              ro code  0x0800301c     0x6  abort.o [3]
  .text              ro code  0x08003022    0x22  zero_init3.o [4]
  .text              ro code  0x08003044    0x80  xxmemxfree.o [3]
  .text              ro code  0x080030c4    0x66  ABImemset.o [4]
  .rodata            const    0x0800312a     0x2  lv_draw.o [1]
  .text              ro code  0x0800312c    0x2c  xgetmemchunk.o [3]
  .text              ro code  0x08003158    0x14  exit.o [5]
  .rodata            const    0x0800316c  0x2350  lv_font_symbol_20.o [1]
  .rodata            const    0x080054bc  0x20e4  lv_font_dejavu_20.o [1]
  .text              ro code  0x080075a0   0x7dc  lv_indev.o [1]
  .text              ro code  0x08007d7c    0xd4  lv_task.o [1]
  .text              ro code  0x08007e50    0x4c  lv_hal_indev.o [1]
  .text              ro code  0x08007e9c    0x3a  lv_hal_tick.o [1]
  .rodata            const    0x08007ed6     0x1  lv_draw.o [1]
  .text              ro code  0x08007ed8   0x7ae  lv_obj.o [1]
  .text              ro code  0x08008688   0x1ac  lv_group.o [1]
  .text              ro code  0x08008834   0x260  lv_ll.o [1]
  .text              ro code  0x08008a94   0x5a2  lv_refr.o [1]
  .text              ro code  0x08009038   0x262  lv_mem.o [1]
  .text              ro code  0x0800929c    0x38  lv_fs.o [1]
  .text              ro code  0x080092d4   0x42c  lv_ufs.o [1]
  .text              ro code  0x08009700    0x76  lv_font.o [1]
  .text              ro code  0x08009778   0x150  lv_anim.o [1]
  .text              ro code  0x080098c8   0x5f8  lv_style.o [1]
  .text              ro code  0x08009ec0     0xc  lv_theme.o [1]
  .text              ro code  0x08009ecc    0x44  lv_vdb.o [1]
  .text              ro code  0x08009f10    0x44  strcpy_unaligned.o [4]
  .text              ro code  0x08009f54    0x42  strcmp_unaligned.o [4]
  .text              ro code  0x08009f98    0x36  strlen.o [4]
  .text              ro code  0x08009fd0    0xe4  lv_hal_disp.o [1]
  .text              ro code  0x0800a0b4   0x434  lv_draw_vbasic.o [1]
  .rodata            const    0x0800a4e8   0x17c  lv_font_dejavu_20.o [1]
  .text              ro code  0x0800a664   0x11c  system_MDR32F9Qx.o [1]
  .rodata            const    0x0800a780    0xc8  lv_font_symbol_20.o [1]
  .text              ro code  0x0800a848    0x28  data_init.o [4]
  .iar.init_table    const    0x0800a870     0x0  - Linker created -
  .text              ro code  0x0800a894    0x1a  cmain.o [4]
  .text              ro code  0x0800a8ae     0x4  low_level_init.o [3]
  .text              ro code  0x0800a8b2     0x8  main.o [1]
  .text              ro code  0x0800a8ba     0x4  exit.o [3]
  .text              ro code  0x0800a8c0     0xa  cexit.o [4]
  .text              ro code  0x0800a8cc    0x10  startup_MDR32F9Qx.o [1]
  .text              ro code  0x0800a8dc     0xc  cstartup_M.o [4]
  .rodata            const    0x0800a8e8     0x8  lv_draw.o [1]
  .rodata            const    0x0800a8f0     0x8  lv_draw.o [1]
  .rodata            const    0x0800a8f8     0x8  lv_draw.o [1]
  .rodata            const    0x0800a900     0x8  lv_draw.o [1]
  .rodata            const    0x0800a908     0x8  lv_draw.o [1]
  .rodata            const    0x0800a910     0x8  lv_obj.o [1]
  .rodata            const    0x0800a918     0x4  lv_draw.o [1]
  .rodata            const    0x0800a91c     0x4  lv_draw.o [1]
  .rodata            const    0x0800a920     0x4  lv_draw_vbasic.o [1]
  .rodata            const    0x0800a924     0x4  lv_group.o [1]
  .rodata            const    0x0800a928     0x4  lv_style.o [1]
  .rodata            const    0x0800a92c     0x4  lv_style.o [1]
  .rodata            const    0x0800a930     0x4  lv_style.o [1]
  .rodata            const    0x0800a934     0x4  lv_style.o [1]
  .rodata            const    0x0800a938     0x4  lv_style.o [1]
  .rodata            const    0x0800a93c     0x4  lv_style.o [1]
  .rodata            const    0x0800a940     0x4  lv_style.o [1]
  .rodata            const    0x0800a944     0x4  lv_style.o [1]
  .rodata            const    0x0800a948     0x4  lv_style.o [1]
  .rodata            const    0x0800a94c     0x4  lv_style.o [1]
  .rodata            const    0x0800a950     0x4  lv_style.o [1]
  .rodata            const    0x0800a954     0x4  lv_style.o [1]
  .rodata            const    0x0800a958     0x4  lv_style.o [1]
  .rodata            const    0x0800a95c     0x4  lv_style.o [1]
  .rodata            const    0x0800a960     0x4  lv_style.o [1]
  .rodata            const    0x0800a964     0x4  lv_style.o [1]
  .rodata            const    0x0800a968     0x4  lv_style.o [1]
  .rodata            const    0x0800a96c     0x4  lv_style.o [1]
  .rodata            const    0x0800a970     0x4  lv_style.o [1]
  .rodata            const    0x0800a974     0x4  lv_style.o [1]
  .rodata            const    0x0800a978     0x4  lv_style.o [1]
  .rodata            const    0x0800a97c     0x4  lv_style.o [1]
  .rodata            const    0x0800a980     0x4  lv_style.o [1]
  .rodata            const    0x0800a984     0x4  lv_style.o [1]
  .rodata            const    0x0800a988     0x4  lv_style.o [1]
  .rodata            const    0x0800a98c     0x4  lv_style.o [1]
  .rodata            const    0x0800a990     0x4  lv_style.o [1]
  .rodata            const    0x0800a994     0x4  lv_style.o [1]
  .rodata            const    0x0800a998     0x4  lv_style.o [1]
  .rodata            const    0x0800a99c     0x4  lv_style.o [1]
  .rodata            const    0x0800a9a0     0x4  lv_style.o [1]
  .rodata            const    0x0800a9a4     0x4  lv_style.o [1]
  .rodata            const    0x0800a9a8     0x4  lv_style.o [1]
  .rodata            const    0x0800a9ac     0x4  lv_style.o [1]
  .rodata            const    0x0800a9b0     0x4  lv_style.o [1]
  .rodata            const    0x0800a9b4     0x4  lv_style.o [1]
  .rodata            const    0x0800a9b8     0x4  lv_style.o [1]
  .rodata            const    0x0800a9bc     0x4  lv_style.o [1]
  .rodata            const    0x0800a9c0     0x4  lv_style.o [1]
  .rodata            const    0x0800a9c4     0x4  lv_style.o [1]
  .rodata            const    0x0800a9c8     0x4  lv_style.o [1]
  .rodata            const    0x0800a9cc     0x4  lv_style.o [1]
  .rodata            const    0x0800a9d0     0x4  lv_style.o [1]
  .rodata            const    0x0800a9d4     0x4  lv_style.o [1]
  .rodata            const    0x0800a9d8     0x4  lv_style.o [1]
  .rodata            const    0x0800a9dc     0x4  lv_style.o [1]
  .rodata            const    0x0800a9e0     0x4  lv_style.o [1]
  .rodata            const    0x0800a9e4     0x4  lv_style.o [1]
  .rodata            const    0x0800a9e8     0x4  lv_style.o [1]
  .rodata            const    0x0800a9ec     0x4  lv_style.o [1]
  .text              ro code  0x0800a9f0     0x4  startup_MDR32F9Qx.o [1]
  .text              ro code  0x0800a9f4     0x4  startup_MDR32F9Qx.o [1]
  .text              ro code  0x0800a9f8     0x4  startup_MDR32F9Qx.o [1]
  .text              ro code  0x0800a9fc     0x4  startup_MDR32F9Qx.o [1]
  .text              ro code  0x0800aa00     0x4  startup_MDR32F9Qx.o [1]
  .text              ro code  0x0800aa04     0x4  startup_MDR32F9Qx.o [1]
  .text              ro code  0x0800aa08     0x4  startup_MDR32F9Qx.o [1]
  .text              ro code  0x0800aa0c     0x4  startup_MDR32F9Qx.o [1]
  .text              ro code  0x0800aa10     0x4  startup_MDR32F9Qx.o [1]
  .text              ro code  0x0800aa14     0x4  startup_MDR32F9Qx.o [1]
  .text              ro code  0x0800aa18     0x4  startup_MDR32F9Qx.o [1]
  .text              ro code  0x0800aa1c     0x4  startup_MDR32F9Qx.o [1]
  .text              ro code  0x0800aa20     0x4  startup_MDR32F9Qx.o [1]
  .text              ro code  0x0800aa24     0x4  startup_MDR32F9Qx.o [1]
  .text              ro code  0x0800aa28     0x4  startup_MDR32F9Qx.o [1]
  .text              ro code  0x0800aa2c     0x4  startup_MDR32F9Qx.o [1]
  .text              ro code  0x0800aa30     0x4  startup_MDR32F9Qx.o [1]
  .text              ro code  0x0800aa34     0x4  startup_MDR32F9Qx.o [1]
  .text              ro code  0x0800aa38     0x4  startup_MDR32F9Qx.o [1]
  .text              ro code  0x0800aa3c     0x4  startup_MDR32F9Qx.o [1]
  .text              ro code  0x0800aa40     0x4  startup_MDR32F9Qx.o [1]
  .text              ro code  0x0800aa44     0x4  startup_MDR32F9Qx.o [1]
  .text              ro code  0x0800aa48     0x4  startup_MDR32F9Qx.o [1]
  .text              ro code  0x0800aa4c     0x4  startup_MDR32F9Qx.o [1]
  .text              ro code  0x0800aa50     0x4  startup_MDR32F9Qx.o [1]
  .text              ro code  0x0800aa54     0x4  startup_MDR32F9Qx.o [1]
  .text              ro code  0x0800aa58     0x4  startup_MDR32F9Qx.o [1]
  .text              ro code  0x0800aa5c     0x4  startup_MDR32F9Qx.o [1]
  .text              ro code  0x0800aa60     0x4  startup_MDR32F9Qx.o [1]
  .text              ro code  0x0800aa64     0x4  startup_MDR32F9Qx.o [1]
  .rodata            const    0x0800aa68     0x0  zero_init3.o [4]
  .rodata            const    0x0800aa68     0x0  copy_init3.o [4]
                            - 0x0800aa68  0xa9a8

"P1", part 2 of 2 (*** FAILED ***):         0x8c
  Initializer bytes  ro data                0x8c  <for P2 s0> (used: 0x0)
                                            0x8c

"P2", part 1 of 3 (*** FAILED ***):         0x8b
  .data              inited                 0x28  lv_font_dejavu_20.o [1]
  .data              inited                 0x28  lv_font_symbol_20.o [1]
  .data              inited                 0x20  lv_draw.o [1]
  .data              inited                  0xc  lv_vdb.o [1]
  .data              inited                  0x4  lv_draw.o [1]
  .data              inited                  0x4  lv_draw.o [1]
  .data              inited                  0x4  system_MDR32F9Qx.o [1]
  .data              inited                  0x2  lv_draw_vbasic.o [1]
  .data              inited                  0x1  lv_vdb.o [1]
                                            0x8b

"P2", part 2 of 3 (*** FAILED ***):       0x9edd
  .bss               zero                 0x8000  lv_mem.o [1]
  .bss               zero                 0x1900  lv_vdb.o [1]
  .bss               zero                  0x140  lv_draw_vbasic.o [1]
  .bss               zero                  0x140  lv_refr.o [1]
  .bss               zero                   0x38  lv_style.o [1]
  .bss               zero                   0x38  lv_style.o [1]
  .bss               zero                   0x38  lv_style.o [1]
  .bss               zero                   0x38  lv_style.o [1]
  .bss               zero                   0x38  lv_style.o [1]
  .bss               zero                   0x38  lv_style.o [1]
  .bss               zero                   0x38  lv_style.o [1]
  .bss               zero                   0x38  lv_style.o [1]
  .bss               zero                   0x38  lv_style.o [1]
  .bss               zero                   0x38  lv_style.o [1]
  .bss               zero                   0x38  lv_style.o [1]
  .bss               zero                   0x38  lv_style.o [1]
  .bss               zero                   0x38  lv_style.o [1]
  .bss               zero                    0xc  lv_anim.o [1]
  .bss               zero                    0xc  lv_fs.o [1]
  .bss               zero                    0xc  lv_obj.o [1]
  .bss               zero                    0xc  lv_task.o [1]
  .bss               zero                    0xc  lv_ufs.o [1]
  .bss               zero                    0x8  xxmemxmalloc.o [3]
  .bss               zero                    0x4  lv_anim.o [1]
  .bss               zero                    0x4  lv_hal_disp.o [1]
  .bss               zero                    0x4  lv_hal_indev.o [1]
  .bss               zero                    0x4  lv_hal_tick.o [1]
  .bss               zero                    0x4  lv_indev.o [1]
  .bss               zero                    0x4  lv_mem.o [1]
  .bss               zero                    0x4  lv_obj.o [1]
  .bss               zero                    0x4  lv_obj.o [1]
  .bss               zero                    0x4  lv_obj.o [1]
  .bss               zero                    0x4  lv_obj.o [1]
  .bss               zero                    0x4  lv_refr.o [1]
  .bss               zero                    0x4  lv_refr.o [1]
  .bss               zero                    0x4  lv_refr.o [1]
  .bss               zero                    0x4  lv_theme.o [1]
  .bss               zero                    0x4  xgetmemchunk.o [3]
  .bss               zero                    0x2  lv_refr.o [1]
  .bss               zero                    0x1  lv_hal_tick.o [1]
  .bss               zero                    0x1  lv_task.o [1]
  .bss               zero                    0x1  lv_ufs.o [1]
                                          0x9edd

"P2", part 3 of 3 (*** FAILED ***):       0x3000
  CSTACK                                  0x1000  <Block>
    CSTACK           uninit               0x1000  <Block tail>
  HEAP                                    0x2000  <Block>
    HEAP             uninit               0x2000  <Block tail>
                                          0x3000



*******************************************************************************
*** MODULE SUMMARY
***

    Module                 ro code  ro data  rw data
    ------                 -------  -------  -------
D:\Student\Project_Drozdovskij_Nechaev\LCD_new\Debug\Obj: [1]
    lv_anim.o                  336                16
    lv_area.o                  478
    lv_circ.o                   96
    lv_draw.o               11 152       51       40
    lv_draw_vbasic.o         1 076        4      322
    lv_font.o                  118
    lv_font_dejavu_20.o               8 800       40
    lv_font_symbol_20.o               9 240       40
    lv_fs.o                     56                12
    lv_group.o                 428        4
    lv_hal_disp.o              228                 4
    lv_hal_indev.o              76                 4
    lv_hal_tick.o               58                 5
    lv_indev.o               2 012                 4
    lv_ll.o                    608
    lv_mem.o                   610            32 772
    lv_obj.o                 1 966        8       28
    lv_refr.o                1 442               334
    lv_style.o               1 528      200      728
    lv_task.o                  212                13
    lv_theme.o                  12                 4
    lv_ufs.o                 1 068                13
    lv_vdb.o                    68             6 413
    main.o                       8
    startup_MDR32F9Qx.o        328
    system_MDR32F9Qx.o         284                 4
    ------------------------------------------------
    Total:                  24 248   18 307   40 796

command line: [2]
    ------------------------------------------------
    Total:

dl7M_tln.a: [3]
    abort.o                      6
    exit.o                       4
    low_level_init.o             4
    memcpy.o                    12
    memset.o                    20
    vla_alloc.o                 22
    xgetmemchunk.o              44                 4
    xxmemxfree.o               128
    xxmemxmalloc.o             180                 8
    ------------------------------------------------
    Total:                     420                12

rt7M_tl.a: [4]
    ABImemcpy_unaligned.o      118
    ABImemset.o                102
    cexit.o                     10
    cmain.o                     26
    copy_init3.o                46
    cstartup_M.o                12
    data_init.o                 40
    strcmp_unaligned.o          66
    strcpy_unaligned.o          68
    strlen.o                    54
    zero_init3.o                34
    ------------------------------------------------
    Total:                     576

shb_l.a: [5]
    exit.o                      20
    ------------------------------------------------
    Total:                      20

    Gaps                        17
    Linker created                      140   12 288
----------------------------------------------------
    Grand Total:            25 281   18 447   53 096


*******************************************************************************
*** ENTRY LIST
***

Entry                      Address    Size  Type      Object
-----                      -------    ----  ----      ------
?main                   0x0800a895          Code  Gb  cmain.o [4]
CSTACK$$Base            0x00000000           --   Gb  - Linker created -
CSTACK$$Limit           0x00001000           --   Gb  - Linker created -
HEAP$$Base              0x00001000           --   Gb  - Linker created -
HEAP$$Limit             0x00003000           --   Gb  - Linker created -
Region$$Table$$Base     0x0800a870           --   Gb  - Linker created -
Region$$Table$$Limit    0x0800a894           --   Gb  - Linker created -
SystemCoreClock         0x00000084     0x4  Data  Gb  system_MDR32F9Qx.o [1]
SystemCoreClockUpdate   0x0800a665    0x80  Code  Gb  system_MDR32F9Qx.o [1]
SystemInit              0x0800a6e5    0x64  Code  Gb  system_MDR32F9Qx.o [1]
__aeabi_memset          0x080030c5          Code  Gb  ABImemset.o [4]
__cmain                 0x0800a895          Code  Gb  cmain.o [4]
__data_Aldata           0x00009e94     0x8  Data  Gb  xxmemxmalloc.o [3]
__data_GetMemChunk      0x0800312d    0x2c  Code  Gb  xgetmemchunk.o [3]
__exit                  0x08003159    0x14  Code  Gb  exit.o [5]
__iar_Memset            0x080030c5          Code  Gb  ABImemset.o [4]
__iar_Memset_word       0x080030cd          Code  Gb  ABImemset.o [4]
__iar_copy_init3        0x08002f3b    0x2e  Code  Gb  copy_init3.o [4]
__iar_data_init3        0x0800a849    0x28  Code  Gb  data_init.o [4]
__iar_program_start     0x0800a8dd          Code  Gb  cstartup_M.o [4]
__iar_strcmp            0x08009f55          Code  Gb  strcmp_unaligned.o [4]
__iar_unaligned___aeabi_memcpy
                        0x08002ec5          Code  Gb  ABImemcpy_unaligned.o [4]
__iar_unaligned___aeabi_memcpy4
                        0x08002ee5          Code  Gb  ABImemcpy_unaligned.o [4]
__iar_unaligned___aeabi_memcpy8
                        0x08002ee5          Code  Gb  ABImemcpy_unaligned.o [4]
__iar_unaligned_strcmp  0x08009f55          Code  Gb  strcmp_unaligned.o [4]
__iar_unaligned_strcpy  0x08009f11          Code  Gb  strcpy_unaligned.o [4]
__iar_vla_alloc2        0x08002e9b    0x12  Code  Gb  vla_alloc.o [3]
__iar_vla_dealloc2      0x08002ead     0x4  Code  Gb  vla_alloc.o [3]
__iar_zero_init3        0x08003023    0x22  Code  Gb  zero_init3.o [4]
__low_level_init        0x0800a8af     0x4  Code  Gb  low_level_init.o [3]
__vector_table          0x08000000          Data  Gb  startup_MDR32F9Qx.o [1]
_call_main              0x0800a8a1          Code  Gb  cmain.o [4]
_exit                   0x0800a8c1          Code  Gb  cexit.o [4]
_main                   0x0800a8ab          Code  Gb  cmain.o [4]
abort                   0x0800301d     0x6  Code  Gb  abort.o [3]
act_scr                 0x00009eb8     0x4  Data  Lc  lv_obj.o [1]
active                  0x00009ea0     0x4  Data  Lc  lv_hal_disp.o [1]
anim_ll                 0x00009e58     0xc  Data  Lc  lv_anim.o [1]
anim_ready_handler      0x0800982f    0x90  Code  Lc  lv_anim.o [1]
anim_task               0x0800979d    0x92  Code  Lc  lv_anim.o [1]
antialias_get_opa       0x08002bc3    0x42  Code  Lc  lv_draw.o [1]
antialias_get_opa_circ  0x08002c05    0x3a  Code  Lc  lv_draw.o [1]
current_theme           0x00009ed0     0x4  Data  Lc  lv_theme.o [1]
def_scr                 0x00009eb4     0x4  Data  Lc  lv_obj.o [1]
drv_ll                  0x00009e64     0xc  Data  Lc  lv_fs.o [1]
ent_alloc               0x0800921d    0x2e  Code  Lc  lv_mem.o [1]
ent_get_next            0x080091e5    0x2a  Code  Lc  lv_mem.o [1]
ent_trunc               0x0800924b    0x50  Code  Lc  lv_mem.o [1]
exit                    0x0800a8bb     0x4  Code  Gb  exit.o [3]
file_ll                 0x00009e88     0xc  Data  Lc  lv_ufs.o [1]
fill_fp                 0x00000080     0x4  Data  Lc  lv_draw.o [1]
free                    0x08003045    0x7a  Code  Gb  xxmemxfree.o [3]
indev_act               0x00009eac     0x4  Data  Lc  lv_indev.o [1]
indev_button_proc       0x08007795    0x56  Code  Lc  lv_indev.o [1]
indev_drag              0x08007b57   0x124  Code  Lc  lv_indev.o [1]
indev_drag_throw        0x08007c7b    0xfc  Code  Lc  lv_indev.o [1]
indev_keypad_proc       0x080076e7    0xae  Code  Lc  lv_indev.o [1]
indev_list              0x00009ea4     0x4  Data  Lc  lv_hal_indev.o [1]
indev_pointer_proc      0x0800768b    0x5c  Code  Lc  lv_indev.o [1]
indev_proc_press        0x080077eb   0x21e  Code  Lc  lv_indev.o [1]
indev_proc_release      0x08007a09    0x80  Code  Lc  lv_indev.o [1]
indev_proc_reset_query_handler
                        0x08007a89    0x58  Code  Lc  lv_indev.o [1]
indev_proc_task         0x080075f5    0x96  Code  Lc  lv_indev.o [1]
indev_search_obj        0x08007ae1    0x76  Code  Lc  lv_indev.o [1]
inited                  0x00009edc     0x1  Data  Lc  lv_ufs.o [1]
inv_buf                 0x00009a40   0x140  Data  Lc  lv_refr.o [1]
inv_buf_p               0x00009ed8     0x2  Data  Lc  lv_refr.o [1]
last_task_run           0x00009e9c     0x4  Data  Lc  lv_anim.o [1]
lv_anim_init            0x08009779    0x22  Code  Gb  lv_anim.o [1]
lv_area_copy            0x080000ef    0x12  Code  Lc  lv_draw.o [1]
lv_area_copy            0x08007ed9    0x12  Code  Lc  lv_obj.o [1]
lv_area_copy            0x08008a95    0x12  Code  Lc  lv_refr.o [1]
lv_area_get_height      0x0800010d     0xc  Code  Lc  lv_draw.o [1]
lv_area_get_height      0x0800a0c1     0xc  Code  Lc  lv_draw_vbasic.o [1]
lv_area_get_height      0x08008ab3     0xc  Code  Lc  lv_refr.o [1]
lv_area_get_size        0x08002ccf    0x24  Code  Gb  lv_area.o [1]
lv_area_get_width       0x08000101     0xc  Code  Lc  lv_draw.o [1]
lv_area_get_width       0x0800a0b5     0xc  Code  Lc  lv_draw_vbasic.o [1]
lv_area_get_width       0x08008aa7     0xc  Code  Lc  lv_refr.o [1]
lv_area_is_in           0x08002e5b    0x40  Code  Gb  lv_area.o [1]
lv_area_is_on           0x08002e21    0x3a  Code  Gb  lv_area.o [1]
lv_area_is_point_on     0x08002de1    0x40  Code  Gb  lv_area.o [1]
lv_area_join            0x08002d7b    0x66  Code  Gb  lv_area.o [1]
lv_area_set             0x08002cbd    0x12  Code  Gb  lv_area.o [1]
lv_area_union           0x08002cf3    0x88  Code  Gb  lv_area.o [1]
lv_circ_cont            0x08002c6b    0x16  Code  Gb  lv_circ.o [1]
lv_circ_init            0x08002c5d     0xe  Code  Gb  lv_circ.o [1]
lv_circ_next            0x08002c81    0x3c  Code  Gb  lv_circ.o [1]
lv_color_mix            0x080000c1    0x2e  Code  Lc  lv_draw.o [1]
lv_color_mix            0x0800a0cd    0x2e  Code  Lc  lv_draw_vbasic.o [1]
lv_disp_flush           0x08009fd1    0x42  Code  Gb  lv_hal_disp.o [1]
lv_disp_is_mem_blend_supported
                        0x0800a073    0x1e  Code  Gb  lv_hal_disp.o [1]
lv_disp_is_mem_fill_supported
                        0x0800a091    0x1e  Code  Gb  lv_hal_disp.o [1]
lv_disp_mem_blend       0x0800a013    0x36  Code  Gb  lv_hal_disp.o [1]
lv_disp_mem_fill        0x0800a049    0x2a  Code  Gb  lv_hal_disp.o [1]
lv_draw_cont_radius_corr
                        0x08002b87    0x3c  Code  Lc  lv_draw.o [1]
lv_draw_rect            0x08000119    0x82  Code  Gb  lv_draw.o [1]
lv_draw_rect_border_corner
                        0x08001315   0xf98  Code  Lc  lv_draw.o [1]
lv_draw_rect_border_straight
                        0x08000fab   0x360  Code  Lc  lv_draw.o [1]
lv_draw_rect_main_corner
                        0x080002dd   0xcce  Code  Lc  lv_draw.o [1]
lv_draw_rect_main_mid   0x0800019b   0x13a  Code  Lc  lv_draw.o [1]
lv_draw_shadow          0x080022b1    0xa8  Code  Lc  lv_draw.o [1]
lv_draw_shadow_bottom   0x0800274d   0x290  Code  Lc  lv_draw.o [1]
lv_draw_shadow_full     0x08002359   0x3ee  Code  Lc  lv_draw.o [1]
lv_draw_shadow_full_straight
                        0x080029dd   0x1aa  Code  Lc  lv_draw.o [1]
lv_font_add             0x0800971d    0x12  Code  Gb  lv_font.o [1]
lv_font_dejavu_20       0x00000000    0x28  Data  Gb  lv_font_dejavu_20.o [1]
lv_font_dejavu_20_glyph_bitmap
                        0x080054bc  0x20e4  Data  Lc  lv_font_dejavu_20.o [1]
lv_font_dejavu_20_glyph_dsc
                        0x0800a4e8   0x17c  Data  Lc  lv_font_dejavu_20.o [1]
lv_font_get_bitmap_continuous
                        0x0800972f    0x24  Code  Gb  lv_font.o [1]
lv_font_get_width_continuous
                        0x08009753    0x24  Code  Gb  lv_font.o [1]
lv_font_init            0x08009701    0x14  Code  Gb  lv_font.o [1]
lv_font_symbol_20       0x00000028    0x28  Data  Gb  lv_font_symbol_20.o [1]
lv_font_symbol_20_glyph_bitmap
                        0x0800316c  0x2350  Data  Lc  lv_font_symbol_20.o [1]
lv_font_symbol_20_glyph_dsc
                        0x0800a780    0xc8  Data  Lc  lv_font_symbol_20.o [1]
lv_fs_add_drv           0x080092b3    0x1e  Code  Gb  lv_fs.o [1]
lv_fs_init              0x080092a5     0xe  Code  Gb  lv_fs.o [1]
lv_group_add_obj        0x08008689    0x24  Code  Gb  lv_group.o [1]
lv_group_focus_next     0x080086ad    0x82  Code  Gb  lv_group.o [1]
lv_group_focus_prev     0x0800872f    0x82  Code  Gb  lv_group.o [1]
lv_group_get_focused    0x080087fb    0x1a  Code  Gb  lv_group.o [1]
lv_group_mod_style      0x080087cd    0x2e  Code  Gb  lv_group.o [1]
lv_group_send_data      0x080087b1    0x1c  Code  Gb  lv_group.o [1]
lv_indev_init           0x080075a1    0x18  Code  Gb  lv_indev.o [1]
lv_indev_next           0x08007e51    0x1a  Code  Gb  lv_hal_indev.o [1]
lv_indev_read           0x08007e71    0x2c  Code  Gb  lv_hal_indev.o [1]
lv_indev_reset          0x080075b9    0x3a  Code  Gb  lv_indev.o [1]
lv_init                 0x08007eeb    0x8e  Code  Gb  lv_obj.o [1]
lv_inv_area             0x08008aeb    0xb2  Code  Gb  lv_refr.o [1]
lv_layer_sys            0x08008361     0x6  Code  Gb  lv_obj.o [1]
lv_layer_top            0x0800835b     0x6  Code  Gb  lv_obj.o [1]
lv_ll_chg_list          0x080089d1    0x40  Code  Gb  lv_ll.o [1]
lv_ll_get_head          0x08008a11     0xe  Code  Gb  lv_ll.o [1]
lv_ll_get_next          0x08008a2d    0x20  Code  Gb  lv_ll.o [1]
lv_ll_get_prev          0x08008a4d    0x1e  Code  Gb  lv_ll.o [1]
lv_ll_get_tail          0x08008a1f     0xe  Code  Gb  lv_ll.o [1]
lv_ll_init              0x0800883d    0x18  Code  Gb  lv_ll.o [1]
lv_ll_ins_head          0x08008855    0x44  Code  Gb  lv_ll.o [1]
lv_ll_ins_prev          0x08008899    0x6c  Code  Gb  lv_ll.o [1]
lv_ll_ins_tail          0x08008905    0x44  Code  Gb  lv_ll.o [1]
lv_ll_rem               0x08008949    0x88  Code  Gb  lv_ll.o [1]
lv_mem_alloc            0x08009055    0x3e  Code  Gb  lv_mem.o [1]
lv_mem_assert           0x0800929d     0x8  Code  Lc  lv_fs.o [1]
lv_mem_assert           0x08008835     0x8  Code  Lc  lv_ll.o [1]
lv_mem_assert           0x08007d7d     0x8  Code  Lc  lv_task.o [1]
lv_mem_free             0x08009093    0x48  Code  Gb  lv_mem.o [1]
lv_mem_get_size         0x080091c9    0x1c  Code  Gb  lv_mem.o [1]
lv_mem_init             0x08009039    0x1c  Code  Gb  lv_mem.o [1]
lv_mem_monitor          0x08009143    0x86  Code  Gb  lv_mem.o [1]
lv_mem_realloc          0x080090db    0x68  Code  Gb  lv_mem.o [1]
lv_obj_create           0x08007f79   0x242  Code  Gb  lv_obj.o [1]
lv_obj_design           0x080084d1    0xba  Code  Lc  lv_obj.o [1]
lv_obj_get_child        0x08008383    0x1c  Code  Gb  lv_obj.o [1]
lv_obj_get_click        0x08008487     0xa  Code  Gb  lv_obj.o [1]
lv_obj_get_coords       0x0800839f    0x12  Code  Gb  lv_obj.o [1]
lv_obj_get_drag         0x08008491     0xe  Code  Gb  lv_obj.o [1]
lv_obj_get_drag_parent  0x080084ad     0xe  Code  Gb  lv_obj.o [1]
lv_obj_get_drag_throw   0x0800849f     0xe  Code  Gb  lv_obj.o [1]
lv_obj_get_group        0x080084cd     0x4  Code  Gb  lv_obj.o [1]
lv_obj_get_hidden       0x08008479     0xe  Code  Gb  lv_obj.o [1]
lv_obj_get_parent       0x0800837f     0x4  Code  Gb  lv_obj.o [1]
lv_obj_get_screen       0x08008367    0x18  Code  Gb  lv_obj.o [1]
lv_obj_get_style        0x080083e5    0x70  Code  Gb  lv_obj.o [1]
lv_obj_get_x            0x080083b1    0x1a  Code  Gb  lv_obj.o [1]
lv_obj_get_y            0x080083cb    0x1a  Code  Gb  lv_obj.o [1]
lv_obj_invalidate       0x080081bb    0xb4  Code  Gb  lv_obj.o [1]
lv_obj_is_protected     0x080084bb    0x12  Code  Gb  lv_obj.o [1]
lv_obj_refresh_ext_size
                        0x0800833b    0x1a  Code  Gb  lv_obj.o [1]
lv_obj_refresh_style    0x08008317    0x1c  Code  Gb  lv_obj.o [1]
lv_obj_set_design_func  0x08008337     0x4  Code  Gb  lv_obj.o [1]
lv_obj_set_pos          0x0800826f    0x92  Code  Gb  lv_obj.o [1]
lv_obj_set_signal_func  0x08008333     0x4  Code  Gb  lv_obj.o [1]
lv_obj_set_style        0x08008301    0x16  Code  Gb  lv_obj.o [1]
lv_obj_signal           0x0800858b    0x66  Code  Lc  lv_obj.o [1]
lv_refr_area_part_vdb   0x08008def    0x44  Code  Lc  lv_refr.o [1]
lv_refr_area_with_vdb   0x08008d31    0xbe  Code  Lc  lv_refr.o [1]
lv_refr_areas           0x08008ccb    0x52  Code  Lc  lv_refr.o [1]
lv_refr_get_buf_size    0x08008b9d     0x6  Code  Gb  lv_refr.o [1]
lv_refr_get_top_obj     0x08008e33    0x76  Code  Lc  lv_refr.o [1]
lv_refr_init            0x08008abf    0x2c  Code  Gb  lv_refr.o [1]
lv_refr_join_area       0x08008c13    0xb8  Code  Lc  lv_refr.o [1]
lv_refr_obj             0x08008f23   0x114  Code  Lc  lv_refr.o [1]
lv_refr_obj_and_children
                        0x08008ea9    0x7a  Code  Lc  lv_refr.o [1]
lv_refr_pop_from_buf    0x08008ba3    0x1e  Code  Gb  lv_refr.o [1]
lv_refr_task            0x08008bc1    0x52  Code  Lc  lv_refr.o [1]
lv_scr_act              0x08008355     0x6  Code  Gb  lv_obj.o [1]
lv_style_btn_ina        0x00009e20    0x38  Data  Gb  lv_style.o [1]
lv_style_btn_pr         0x00009d78    0x38  Data  Gb  lv_style.o [1]
lv_style_btn_rel        0x00009d40    0x38  Data  Gb  lv_style.o [1]
lv_style_btn_tgl_pr     0x00009de8    0x38  Data  Gb  lv_style.o [1]
lv_style_btn_tgl_rel    0x00009db0    0x38  Data  Gb  lv_style.o [1]
lv_style_copy           0x08009daf    0x12  Code  Gb  lv_style.o [1]
lv_style_init           0x080098c9   0x4e6  Code  Gb  lv_style.o [1]
lv_style_plain          0x00009c60    0x38  Data  Gb  lv_style.o [1]
lv_style_plain_color    0x00009c98    0x38  Data  Gb  lv_style.o [1]
lv_style_pretty         0x00009cd0    0x38  Data  Gb  lv_style.o [1]
lv_style_pretty_color   0x00009d08    0x38  Data  Gb  lv_style.o [1]
lv_style_scr            0x00009b80    0x38  Data  Gb  lv_style.o [1]
lv_style_transp         0x00009bb8    0x38  Data  Gb  lv_style.o [1]
lv_style_transp_fit     0x00009bf0    0x38  Data  Gb  lv_style.o [1]
lv_style_transp_tight   0x00009c28    0x38  Data  Gb  lv_style.o [1]
lv_task_create          0x08007d97    0x98  Code  Gb  lv_task.o [1]
lv_task_enable          0x08007e41     0x6  Code  Gb  lv_task.o [1]
lv_task_init            0x08007d85    0x12  Code  Gb  lv_task.o [1]
lv_task_ll              0x00009e7c     0xc  Data  Lc  lv_task.o [1]
lv_task_ready           0x08007e2f    0x12  Code  Gb  lv_task.o [1]
lv_task_run             0x00009edb     0x1  Data  Lc  lv_task.o [1]
lv_theme_get_current    0x08009ec1     0x6  Code  Gb  lv_theme.o [1]
lv_tick_elaps           0x08007ebd    0x1a  Code  Gb  lv_hal_tick.o [1]
lv_tick_get             0x08007e9d    0x16  Code  Gb  lv_hal_tick.o [1]
lv_ufs_close            0x080093f1    0x24  Code  Gb  lv_ufs.o [1]
lv_ufs_dir_close        0x0800965d     0x6  Code  Gb  lv_ufs.o [1]
lv_ufs_dir_open         0x08009609    0x16  Code  Gb  lv_ufs.o [1]
lv_ufs_dir_read         0x08009621    0x3c  Code  Gb  lv_ufs.o [1]
lv_ufs_ent_get          0x08009683    0x30  Code  Lc  lv_ufs.o [1]
lv_ufs_ent_new          0x080096b3    0x44  Code  Lc  lv_ufs.o [1]
lv_ufs_free             0x08009665    0x1e  Code  Gb  lv_ufs.o [1]
lv_ufs_init             0x080092d5    0x8e  Code  Gb  lv_ufs.o [1]
lv_ufs_open             0x0800936d    0x84  Code  Gb  lv_ufs.o [1]
lv_ufs_read             0x08009465    0x96  Code  Gb  lv_ufs.o [1]
lv_ufs_ready            0x08009365     0x8  Code  Gb  lv_ufs.o [1]
lv_ufs_remove           0x08009415    0x4e  Code  Gb  lv_ufs.o [1]
lv_ufs_seek             0x0800957d    0x40  Code  Gb  lv_ufs.o [1]
lv_ufs_size             0x080095fd     0xc  Code  Gb  lv_ufs.o [1]
lv_ufs_tell             0x080095bd     0xa  Code  Gb  lv_ufs.o [1]
lv_ufs_trunc            0x080095c9    0x34  Code  Gb  lv_ufs.o [1]
lv_ufs_write            0x080094fd    0x7e  Code  Gb  lv_ufs.o [1]
lv_vdb_flush            0x08009ed9    0x2e  Code  Gb  lv_vdb.o [1]
lv_vdb_get              0x08009ecd     0xc  Code  Gb  lv_vdb.o [1]
lv_vfill                0x0800a197   0x230  Code  Gb  lv_draw_vbasic.o [1]
lv_vpx                  0x0800a0fb    0x9c  Code  Gb  lv_draw_vbasic.o [1]
main                    0x0800a8b3     0x8  Code  Gb  main.o [1]
malloc                  0x08002f69    0xae  Code  Gb  xxmemxmalloc.o [3]
memcpy                  0x08002c51     0xc  Code  Gb  memcpy.o [3]
memset                  0x08002eb1    0x14  Code  Gb  memset.o [3]
monitor_cb              0x00009ec4     0x4  Data  Lc  lv_refr.o [1]
node_set_next           0x08008a7f    0x16  Code  Lc  lv_ll.o [1]
node_set_prev           0x08008a6b    0x14  Code  Lc  lv_ll.o [1]
px_fp                   0x0000007c     0x4  Data  Lc  lv_draw.o [1]
px_num                  0x00009ecc     0x4  Data  Lc  lv_refr.o [1]
refresh_childen_position
                        0x080085f9    0x48  Code  Lc  lv_obj.o [1]
refresh_childen_style   0x08008641    0x46  Code  Lc  lv_obj.o [1]
round_cb                0x00009ec8     0x4  Data  Lc  lv_refr.o [1]
scr_ll                  0x00009e70     0xc  Data  Lc  lv_obj.o [1]
strlen                  0x08009f99          Code  Gb  strlen.o [4]
style_mod_def           0x08008815    0x1a  Code  Lc  lv_group.o [1]
sw_color_fill           0x0800a3c7   0x114  Code  Lc  lv_draw_vbasic.o [1]
sys_layer               0x00009ec0     0x4  Data  Lc  lv_obj.o [1]
sys_time                0x00009ea8     0x4  Data  Lc  lv_hal_tick.o [1]
tick_irq_flag           0x00009eda     0x1  Data  Lc  lv_hal_tick.o [1]
top_layer               0x00009ebc     0x4  Data  Lc  lv_obj.o [1]
vdb                     0x00000070     0xc  Data  Lc  lv_vdb.o [1]
vdb_buf                 0x00008000  0x1900  Data  Lc  lv_vdb.o [1]
vdb_state               0x0000008a     0x1  Data  Lc  lv_vdb.o [1]
work_mem                0x00000000  0x8000  Data  Lc  lv_mem.o [1]
zero_mem                0x00009eb0     0x4  Data  Lc  lv_mem.o [1]


[1] = D:\Student\Project_Drozdovskij_Nechaev\LCD_new\Debug\Obj
[2] = command line
[3] = dl7M_tln.a
[4] = rt7M_tl.a
[5] = shb_l.a

  25 281 bytes of readonly  code memory
  18 447 bytes of readonly  data memory
  53 096 bytes of readwrite data memory

Errors: 1
Warnings: none
