###############################################################################
#
# IAR ELF Linker V7.10.1.6676/W32 for ARM                 09/Apr/2018  12:20:03
# Copyright 2007-2014 IAR Systems AB.
#
#    Output file  =  
#        D:\Student\Project_Drozdovskij_Nechaev\First\Debug\Exe\Lab1.out
#    Map file     =  
#        D:\Student\Project_Drozdovskij_Nechaev\First\Debug\List\Lab1.map
#    Command line =  
#        D:\Student\Project_Drozdovskij_Nechaev\First\Debug\Obj\main.o
#        D:\Student\Project_Drozdovskij_Nechaev\First\Debug\Obj\MDR32F9Qx_port.o
#        D:\Student\Project_Drozdovskij_Nechaev\First\Debug\Obj\MDR32F9Qx_rst_clk.o
#        D:\Student\Project_Drozdovskij_Nechaev\First\Debug\Obj\startup_MDR32F9Qx.o
#        D:\Student\Project_Drozdovskij_Nechaev\First\Debug\Obj\system_MDR32F9Qx.o
#        -o D:\Student\Project_Drozdovskij_Nechaev\First\Debug\Exe\Lab1.out
#        --map D:\Student\Project_Drozdovskij_Nechaev\First\Debug\List\Lab1.map
#        --log
#        libraries,initialization,modules,redirects,sections,veneers,unused_fragments
#        --log_file
#        D:\Student\Project_Drozdovskij_Nechaev\First\Debug\List\Lab1.log
#        --config "C:\Program Files (x86)\IAR Systems\Embedded Workbench
#        7.0\arm\config\linker\Milandr\MDR1986VE9x\MDR32F1.icf" --remarks
#        --semihosting --entry __iar_program_start --vfe
#
###############################################################################

*******************************************************************************
*** RUNTIME MODEL ATTRIBUTES
***

CppFlavor       = *
__SystemLibrary = DLib


*******************************************************************************
*** PLACEMENT SUMMARY
***

"A1":  place at 0x08000000 { ro section .intvec };
"P1":  place in [from 0x08000000 to 0x0801ffff] { ro };
"P2":  place in [from 0x20000000 to 0x20007fff] { rw, block CSTACK, block HEAP };

  Section            Kind        Address    Size  Object
  -------            ----        -------    ----  ------
"A1":                                       0xc0
  .intvec            ro code  0x08000000    0xc0  startup_MDR32F9Qx.o [1]
                            - 0x080000c0    0xc0

"P1":                                      0x60c
  .text              ro code  0x080000c0   0x234  MDR32F9Qx_port.o [1]
  .text              ro code  0x080002f4   0x150  main.o [1]
  .text              ro code  0x08000444    0x24  MDR32F9Qx_rst_clk.o [1]
  .text              ro code  0x08000468   0x11c  system_MDR32F9Qx.o [1]
  .text              ro code  0x08000584    0x2e  copy_init3.o [4]
  .text              ro code  0x080005b4    0x28  data_init.o [4]
  .iar.init_table    const    0x080005dc    0x14  - Linker created -
  .text              ro code  0x080005f0    0x1a  cmain.o [4]
  .text              ro code  0x0800060a     0x4  low_level_init.o [3]
  .text              ro code  0x0800060e     0x4  exit.o [3]
  .text              ro code  0x08000614     0xa  cexit.o [4]
  .text              ro code  0x08000620    0x14  exit.o [5]
  .text              ro code  0x08000634    0x10  startup_MDR32F9Qx.o [1]
  .text              ro code  0x08000644     0xc  cstartup_M.o [4]
  .text              ro code  0x08000650     0x4  startup_MDR32F9Qx.o [1]
  .text              ro code  0x08000654     0x4  startup_MDR32F9Qx.o [1]
  .text              ro code  0x08000658     0x4  startup_MDR32F9Qx.o [1]
  .text              ro code  0x0800065c     0x4  startup_MDR32F9Qx.o [1]
  .text              ro code  0x08000660     0x4  startup_MDR32F9Qx.o [1]
  .text              ro code  0x08000664     0x4  startup_MDR32F9Qx.o [1]
  .text              ro code  0x08000668     0x4  startup_MDR32F9Qx.o [1]
  .text              ro code  0x0800066c     0x4  startup_MDR32F9Qx.o [1]
  .text              ro code  0x08000670     0x4  startup_MDR32F9Qx.o [1]
  .text              ro code  0x08000674     0x4  startup_MDR32F9Qx.o [1]
  .text              ro code  0x08000678     0x4  startup_MDR32F9Qx.o [1]
  .text              ro code  0x0800067c     0x4  startup_MDR32F9Qx.o [1]
  .text              ro code  0x08000680     0x4  startup_MDR32F9Qx.o [1]
  .text              ro code  0x08000684     0x4  startup_MDR32F9Qx.o [1]
  .text              ro code  0x08000688     0x4  startup_MDR32F9Qx.o [1]
  .text              ro code  0x0800068c     0x4  startup_MDR32F9Qx.o [1]
  .text              ro code  0x08000690     0x4  startup_MDR32F9Qx.o [1]
  .text              ro code  0x08000694     0x4  startup_MDR32F9Qx.o [1]
  .text              ro code  0x08000698     0x4  startup_MDR32F9Qx.o [1]
  .text              ro code  0x0800069c     0x4  startup_MDR32F9Qx.o [1]
  .text              ro code  0x080006a0     0x4  startup_MDR32F9Qx.o [1]
  .text              ro code  0x080006a4     0x4  startup_MDR32F9Qx.o [1]
  .text              ro code  0x080006a8     0x4  startup_MDR32F9Qx.o [1]
  .text              ro code  0x080006ac     0x4  startup_MDR32F9Qx.o [1]
  .text              ro code  0x080006b0     0x4  startup_MDR32F9Qx.o [1]
  .text              ro code  0x080006b4     0x4  startup_MDR32F9Qx.o [1]
  .text              ro code  0x080006b8     0x4  startup_MDR32F9Qx.o [1]
  .text              ro code  0x080006bc     0x4  startup_MDR32F9Qx.o [1]
  .text              ro code  0x080006c0     0x4  startup_MDR32F9Qx.o [1]
  .text              ro code  0x080006c4     0x4  startup_MDR32F9Qx.o [1]
  .rodata            const    0x080006c8     0x0  copy_init3.o [4]
  Initializer bytes  ro data  0x080006c8     0x4  <for P2 s0>
                            - 0x080006cc   0x60c

"P2", part 1 of 2:                           0x8
  P2 s0                       0x20000000     0x4  <Init block>
    .data            inited   0x20000000     0x4  system_MDR32F9Qx.o [1]
                            - 0x20000004     0x4

"P2", part 2 of 2:                        0x1000
  CSTACK                      0x20000008  0x1000  <Block>
    CSTACK           uninit   0x20000008  0x1000  <Block tail>
                            - 0x20001008  0x1000


*******************************************************************************
*** INIT TABLE
***

          Address     Size
          -------     ----
Copy (__iar_copy_init3)
    1 source range, total size 0x4:
          0x080006c8   0x4
    1 destination range, total size 0x4:
          0x20000000   0x4



*******************************************************************************
*** MODULE SUMMARY
***

    Module               ro code  ro data  rw data
    ------               -------  -------  -------
D:\Student\Project_Drozdovskij_Nechaev\First\Debug\Obj: [1]
    MDR32F9Qx_port.o         564
    MDR32F9Qx_rst_clk.o       36
    main.o                   336
    startup_MDR32F9Qx.o      328
    system_MDR32F9Qx.o       284        4        4
    ----------------------------------------------
    Total:                 1 548        4        4

command line: [2]
    ----------------------------------------------
    Total:

dl7M_tln.a: [3]
    exit.o                     4
    low_level_init.o           4
    ----------------------------------------------
    Total:                     8

rt7M_tl.a: [4]
    cexit.o                   10
    cmain.o                   26
    copy_init3.o              46
    cstartup_M.o              12
    data_init.o               40
    ----------------------------------------------
    Total:                   134

shb_l.a: [5]
    exit.o                    20
    ----------------------------------------------
    Total:                    20

    Gaps                       6
    Linker created                     20    4 096
--------------------------------------------------
    Grand Total:           1 716       24    4 100


*******************************************************************************
*** ENTRY LIST
***

Entry                     Address   Size  Type      Object
-----                     -------   ----  ----      ------
?main                  0x080005f1         Code  Gb  cmain.o [4]
CSTACK$$Base           0x20000008          --   Gb  - Linker created -
CSTACK$$Limit          0x20001008          --   Gb  - Linker created -
Delay                  0x0800039b    0xc  Code  Lc  main.o [1]
PORT_Init              0x080000c1  0x1ec  Code  Gb  MDR32F9Qx_port.o [1]
PORT_ReadInputDataBit  0x080002ad   0x16  Code  Gb  MDR32F9Qx_port.o [1]
PORT_ResetBits         0x080002d9   0x18  Code  Gb  MDR32F9Qx_port.o [1]
PORT_SetBits           0x080002c3   0x16  Code  Gb  MDR32F9Qx_port.o [1]
PeriphInit             0x080003a7   0x82  Code  Lc  main.o [1]
RST_CLK_PCLKcmd        0x08000445   0x1e  Code  Gb  MDR32F9Qx_rst_clk.o [1]
Region$$Table$$Base    0x080005dc          --   Gb  - Linker created -
Region$$Table$$Limit   0x080005f0          --   Gb  - Linker created -
SystemCoreClock        0x20000000    0x4  Data  Gb  system_MDR32F9Qx.o [1]
SystemCoreClockUpdate  0x08000469   0x80  Code  Gb  system_MDR32F9Qx.o [1]
SystemInit             0x080004e9   0x64  Code  Gb  system_MDR32F9Qx.o [1]
__cmain                0x080005f1         Code  Gb  cmain.o [4]
__exit                 0x08000621   0x14  Code  Gb  exit.o [5]
__iar_copy_init3       0x08000585   0x2e  Code  Gb  copy_init3.o [4]
__iar_data_init3       0x080005b5   0x28  Code  Gb  data_init.o [4]
__iar_program_start    0x08000645         Code  Gb  cstartup_M.o [4]
__low_level_init       0x0800060b    0x4  Code  Gb  low_level_init.o [3]
__vector_table         0x08000000         Data  Gb  startup_MDR32F9Qx.o [1]
_call_main             0x080005fd         Code  Gb  cmain.o [4]
_exit                  0x08000615         Code  Gb  cexit.o [4]
_main                  0x08000607         Code  Gb  cmain.o [4]
exit                   0x0800060f    0x4  Code  Gb  exit.o [3]
main                   0x080002f5   0xa6  Code  Gb  main.o [1]


[1] = D:\Student\Project_Drozdovskij_Nechaev\First\Debug\Obj
[2] = command line
[3] = dl7M_tln.a
[4] = rt7M_tl.a
[5] = shb_l.a

  1 716 bytes of readonly  code memory
     24 bytes of readonly  data memory
  4 100 bytes of readwrite data memory

Errors: none
Warnings: none
